src/App.tsx(3,1): error TS6133: 'JobMatches' is declared but its value is never read.
src/App.tsx(38,12): error TS6133: 'currentNavPage' is declared but its value is never read.
src/App.tsx(394,21): error TS2322: Type '(page: NavPage, params?: any) => void' is not assignable to type '(page: string, params?: any) => void'.
  Types of parameters 'page' and 'page' are incompatible.
    Type 'string' is not assignable to type 'NavPage'.
src/components/JobMatcher.tsx(1,17): error TS6133: 'useEffect' is declared but its value is never read.
src/components/JobMatches.tsx(2,61): error TS6133: 'analyzeResume' is declared but its value is never read.
src/components/JobMatches.tsx(30,12): error TS6133: 'error' is declared but its value is never read.
src/components/LiveJobs.tsx(1,17): error TS6133: 'useEffect' is declared but its value is never read.
src/components/SavedRoadmaps.tsx(3,1): error TS6133: 'useAuth' is declared but its value is never read.
